Archive member included because of file (symbol)

/usr/lib/gcc-lib/avr/3.3/avr4/libgcc.a(_udivmodqi4.o)
                              asuro_avr.o (__udivmodqi4)
/usr/lib/gcc-lib/avr/3.3/avr4/libgcc.a(_udivmodsi4.o)
                              asuro_avr.o (__udivmodsi4)
/usr/lib/gcc-lib/avr/3.3/avr4/libgcc.a(_copy_data.o)
                              ../../apps/test/main.o (__do_copy_data)
/usr/lib/gcc-lib/avr/3.3/avr4/libgcc.a(_clear_bss.o)
                              ../../apps/test/main.o (__do_clear_bss)
/usr/lib/gcc-lib/avr/3.3/../../../../avr/lib/avr4/libc.a(snprintf.o)
                              ../../apps/test/main.o (snprintf)
/usr/lib/gcc-lib/avr/3.3/../../../../avr/lib/avr4/libc.a(vfprintf_std.o)
                              /usr/lib/gcc-lib/avr/3.3/../../../../avr/lib/avr4/libc.a(snprintf.o) (vfprintf)
/usr/lib/gcc-lib/avr/3.3/../../../../avr/lib/avr4/libc.a(fputc.o)
                              /usr/lib/gcc-lib/avr/3.3/../../../../avr/lib/avr4/libc.a(vfprintf_std.o) (fputc)
/usr/lib/gcc-lib/avr/3.3/avr4/libgcc.a(_prologue.o)
                              /usr/lib/gcc-lib/avr/3.3/../../../../avr/lib/avr4/libc.a(snprintf.o) (__prologue_saves__)
/usr/lib/gcc-lib/avr/3.3/avr4/libgcc.a(_epilogue.o)
                              /usr/lib/gcc-lib/avr/3.3/../../../../avr/lib/avr4/libc.a(snprintf.o) (__epilogue_restores__)

Memory Configuration

Name             Origin             Length             Attributes
text             0x00000000         0x00002000         xr
data             0x00800060         0x0000ffa0         rw !x
eeprom           0x00810000         0x00010000         rw !x
*default*        0x00000000         0xffffffff

Linker script and memory map

LOAD /usr/lib/gcc-lib/avr/3.3/../../../../avr/lib/avr4/crtm8.o
LOAD ../../apps/test/main.o
LOAD asuro_avr.o
LOAD asuro_avr_irrc5.o
LOAD /usr/lib/gcc-lib/avr/3.3/../../../../avr/lib/avr4/libm.a
LOAD /usr/lib/gcc-lib/avr/3.3/avr4/libgcc.a
LOAD /usr/lib/gcc-lib/avr/3.3/../../../../avr/lib/avr4/libc.a
LOAD /usr/lib/gcc-lib/avr/3.3/avr4/libgcc.a

.hash
 *(.hash)

.dynsym
 *(.dynsym)

.dynstr
 *(.dynstr)

.gnu.version
 *(.gnu.version)

.gnu.version_d
 *(.gnu.version_d)

.gnu.version_r
 *(.gnu.version_r)

.rel.init
 *(.rel.init)

.rela.init
 *(.rela.init)

.rel.text
 *(.rel.text)
 *(.rel.text.*)
 *(.rel.gnu.linkonce.t*)

.rela.text
 *(.rela.text)
 *(.rela.text.*)
 *(.rela.gnu.linkonce.t*)

.rel.fini
 *(.rel.fini)

.rela.fini
 *(.rela.fini)

.rel.rodata
 *(.rel.rodata)
 *(.rel.rodata.*)
 *(.rel.gnu.linkonce.r*)

.rela.rodata
 *(.rela.rodata)
 *(.rela.rodata.*)
 *(.rela.gnu.linkonce.r*)

.rel.data
 *(.rel.data)
 *(.rel.data.*)
 *(.rel.gnu.linkonce.d*)

.rela.data
 *(.rela.data)
 *(.rela.data.*)
 *(.rela.gnu.linkonce.d*)

.rel.ctors
 *(.rel.ctors)

.rela.ctors
 *(.rela.ctors)

.rel.dtors
 *(.rel.dtors)

.rela.dtors
 *(.rela.dtors)

.rel.got
 *(.rel.got)

.rela.got
 *(.rela.got)

.rel.bss
 *(.rel.bss)

.rela.bss
 *(.rela.bss)

.rel.plt
 *(.rel.plt)

.rela.plt
 *(.rela.plt)

.text           0x00000000      0xd96
 *(.vectors)
 .vectors       0x00000000       0x26 /usr/lib/gcc-lib/avr/3.3/../../../../avr/lib/avr4/crtm8.o
                0x00000000                __vectors
                0x00000000                __vector_default
                0x00000026                __ctors_start = .
 *(.ctors)
                0x00000026                __ctors_end = .
                0x00000026                __dtors_start = .
 *(.dtors)
                0x00000026                __dtors_end = .
 *(.progmem.gcc*)
 .progmem.gcc_sw_table
                0x00000026       0x5c ../../apps/test/main.o
 *(.progmem*)
                0x00000082                . = ALIGN (0x2)
 *(.init0)
 *(.init1)
 *(.init2)
 .init2         0x00000082        0xc /usr/lib/gcc-lib/avr/3.3/../../../../avr/lib/avr4/crtm8.o
 *(.init3)
 *(.init4)
 .init4         0x0000008e       0x16 /usr/lib/gcc-lib/avr/3.3/avr4/libgcc.a(_copy_data.o)
                0x0000008e                __do_copy_data
 .init4         0x000000a4       0x10 /usr/lib/gcc-lib/avr/3.3/avr4/libgcc.a(_clear_bss.o)
                0x000000a4                __do_clear_bss
 *(.init5)
 *(.init6)
 *(.init7)
 *(.init8)
 *(.init9)
 .init9         0x000000b4        0x2 /usr/lib/gcc-lib/avr/3.3/../../../../avr/lib/avr4/crtm8.o
 *(.text)
 .text          0x000000b6        0x2 /usr/lib/gcc-lib/avr/3.3/../../../../avr/lib/avr4/crtm8.o
                0x000000b6                __vector_1
                0x000000b6                __vector_12
                0x000000b6                __bad_interrupt
                0x000000b6                __vector_6
                0x000000b6                __vector_3
                0x000000b6                __vector_11
                0x000000b6                __vector_13
                0x000000b6                __vector_17
                0x000000b6                __vector_7
                0x000000b6                __vector_5
                0x000000b6                __vector_9
                0x000000b6                __vector_15
                0x000000b6                __vector_8
                0x000000b6                __vector_14
                0x000000b6                __vector_10
                0x000000b6                __vector_16
                0x000000b6                __vector_18
 .text          0x000000b8      0x26c ../../apps/test/main.o
                0x000000b8                isrInterrupt1
                0x000000d4                main
 .text          0x00000324      0x338 asuro_avr.o
                0x0000041a                AS_Sleep
                0x0000060e                AS_BackLED
                0x0000050a                AS_Avr_Sleep
                0x00000600                AS_FrontLED
                0x00000494                AS_SensSwitchesRead
                0x00000432                AS_SerWrite
                0x00000580                AS_GetClockTicks
                0x000005aa                AS_GetSysTime
                0x0000048c                AS_SensSwitchesInterruptOff
                0x00000638                AS_MotorSpeed
                0x00000324                __vector_4
                0x000005e6                AS_StatusLED
                0x00000648                AS_MotorDir
                0x000003b8                __vector_2
                0x00000476                AS_SensSwitchesInterruptOn
                0x0000051a                AS_Init
 .text          0x0000065c       0xb6 asuro_avr_irrc5.o
                0x00000700                AS_Irrc5Read
                0x0000065c                AS_isr_irrc5
 .text          0x00000712       0x5a /usr/lib/gcc-lib/avr/3.3/../../../../avr/lib/avr4/libc.a(snprintf.o)
                0x00000712                snprintf
 .text          0x0000076c      0x506 /usr/lib/gcc-lib/avr/3.3/../../../../avr/lib/avr4/libc.a(vfprintf_std.o)
                0x0000076c                vfprintf
 .text          0x00000c72       0x5a /usr/lib/gcc-lib/avr/3.3/../../../../avr/lib/avr4/libc.a(fputc.o)
                0x00000c72                fputc
                0x00000ccc                . = ALIGN (0x2)
 *(.text.*)
 .text.libgcc   0x00000ccc       0x18 /usr/lib/gcc-lib/avr/3.3/avr4/libgcc.a(_udivmodqi4.o)
                0x00000ccc                __udivmodqi4
 .text.libgcc   0x00000ce4       0x44 /usr/lib/gcc-lib/avr/3.3/avr4/libgcc.a(_udivmodsi4.o)
                0x00000ce4                __udivmodsi4
 .text.libgcc   0x00000d28       0x38 /usr/lib/gcc-lib/avr/3.3/avr4/libgcc.a(_prologue.o)
                0x00000d28                __prologue_saves__
 .text.libgcc   0x00000d60       0x36 /usr/lib/gcc-lib/avr/3.3/avr4/libgcc.a(_epilogue.o)
                0x00000d60                __epilogue_restores__
                0x00000d96                . = ALIGN (0x2)
 *(.fini9)
 *(.fini8)
 *(.fini7)
 *(.fini6)
 *(.fini5)
 *(.fini4)
 *(.fini3)
 *(.fini2)
 *(.fini1)
 *(.fini0)
                0x00000d96                _etext = .

.data           0x00800060       0x86 load address 0x00000d96
                0x00800060                PROVIDE (__data_start, .)
 *(.data)
 .data          0x00800060       0x84 ../../apps/test/main.o
 .data          0x008000e4        0x1 asuro_avr.o
                0x008000e4                AS_irrc5DecodeEnabled
 *(.gnu.linkonce.d*)
                0x008000e6                . = ALIGN (0x2)
 *fill*         0x008000e5        0x1 00
                0x008000e6                _edata = .
                0x008000e6                PROVIDE (__data_end, .)

.bss            0x008000e6       0x10
                0x008000e6                PROVIDE (__bss_start, .)
 *(.bss)
 .bss           0x008000e6        0x9 asuro_avr.o
                0x008000ed                AS_sensSwitchesOn
                0x008000ee                AS_sensSwitched
                0x008000e8                AS_count36kHz
                0x008000e6                AS_UserIsrInterrupt1
                0x008000e9                AS_clockTicks
 .bss           0x008000ef        0x7 asuro_avr_irrc5.o
                0x008000f5                AS_ir_bitcount
                0x008000f1                AS_ir_lastsample
                0x008000ef                AS_ir_data
                0x008000f3                AS_ir_data_tmp
                0x008000f2                AS_ir_bittimer
 *(COMMON)
                0x008000f6                PROVIDE (__bss_end, .)
                0x00000d96                __data_load_start = LOADADDR (.data)
                0x00000e1c                __data_load_end = (__data_load_start + SIZEOF (.data))

.noinit         0x008000f6        0x0
                0x008000f6                PROVIDE (__noinit_start, .)
 *(.noinit*)
                0x008000f6                PROVIDE (__noinit_end, .)
                0x008000f6                _end = .
                0x008000f6                PROVIDE (__heap_start, .)

.eeprom         0x00810000        0x0 load address 0x00000e1c
 *(.eeprom*)
                0x00810000                __eeprom_end = .

.stab           0x00000000     0x25a4
 *(.stab)
 .stab          0x00000000      0x2a0 /usr/lib/gcc-lib/avr/3.3/../../../../avr/lib/avr4/crtm8.o
 .stab          0x000002a0      0x78c ../../apps/test/main.o
                                0x798 (size before relaxing)
 .stab          0x00000a2c      0xa44 asuro_avr.o
                                0xad4 (size before relaxing)
 .stab          0x00001470      0x36c asuro_avr_irrc5.o
                                0x3e4 (size before relaxing)
 .stab          0x000017dc      0x324 /usr/lib/gcc-lib/avr/3.3/../../../../avr/lib/avr4/libc.a(snprintf.o)
                                0x36c (size before relaxing)
 .stab          0x00001b00      0x894 /usr/lib/gcc-lib/avr/3.3/../../../../avr/lib/avr4/libc.a(vfprintf_std.o)
                                0x99c (size before relaxing)
 .stab          0x00002394      0x210 /usr/lib/gcc-lib/avr/3.3/../../../../avr/lib/avr4/libc.a(fputc.o)
                                0x300 (size before relaxing)

.stabstr        0x00000000     0x1300
 *(.stabstr)
 .stabstr       0x00000000     0x1300 /usr/lib/gcc-lib/avr/3.3/../../../../avr/lib/avr4/crtm8.o
                                  0x0 (size before relaxing)

.stab.excl
 *(.stab.excl)

.stab.exclstr
 *(.stab.exclstr)

.stab.index
 *(.stab.index)

.stab.indexstr
 *(.stab.indexstr)

.comment
 *(.comment)

.debug
 *(.debug)

.line
 *(.line)

.debug_srcinfo
 *(.debug_srcinfo)

.debug_sfnames
 *(.debug_sfnames)

.debug_aranges
 *(.debug_aranges)

.debug_pubnames
 *(.debug_pubnames)

.debug_info
 *(.debug_info)
 *(.gnu.linkonce.wi.*)

.debug_abbrev
 *(.debug_abbrev)

.debug_line
 *(.debug_line)

.debug_frame
 *(.debug_frame)

.debug_str
 *(.debug_str)

.debug_loc
 *(.debug_loc)

.debug_macinfo
 *(.debug_macinfo)
OUTPUT(asuro.elf elf32-avr)

Cross Reference Table

Symbol                                            File
AS_Avr_Sleep                                      asuro_avr.o
AS_BackLED                                        asuro_avr.o
AS_FrontLED                                       asuro_avr.o
AS_GetClockTicks                                  asuro_avr.o
AS_GetSysTime                                     asuro_avr.o
AS_Init                                           asuro_avr.o
                                                  ../../apps/test/main.o
AS_Irrc5Read                                      asuro_avr_irrc5.o
                                                  ../../apps/test/main.o
AS_MotorDir                                       asuro_avr.o
                                                  ../../apps/test/main.o
AS_MotorSpeed                                     asuro_avr.o
                                                  ../../apps/test/main.o
AS_SensSwitchesInterruptOff                       asuro_avr.o
AS_SensSwitchesInterruptOn                        asuro_avr.o
                                                  ../../apps/test/main.o
AS_SensSwitchesRead                               asuro_avr.o
                                                  ../../apps/test/main.o
AS_SerWrite                                       asuro_avr.o
                                                  ../../apps/test/main.o
AS_Sleep                                          asuro_avr.o
                                                  ../../apps/test/main.o
AS_StatusLED                                      asuro_avr.o
AS_UserIsrInterrupt1                              asuro_avr.o
                                                  ../../apps/test/main.o
AS_clockTicks                                     asuro_avr.o
AS_count36kHz                                     asuro_avr.o
AS_ir_bitcount                                    asuro_avr_irrc5.o
AS_ir_bittimer                                    asuro_avr_irrc5.o
AS_ir_data                                        asuro_avr_irrc5.o
AS_ir_data_tmp                                    asuro_avr_irrc5.o
AS_ir_lastsample                                  asuro_avr_irrc5.o
AS_irrc5DecodeEnabled                             asuro_avr.o
AS_isr_irrc5                                      asuro_avr_irrc5.o
                                                  asuro_avr.o
AS_sensSwitched                                   asuro_avr.o
                                                  ../../apps/test/main.o
AS_sensSwitchesOn                                 asuro_avr.o
                                                  ../../apps/test/main.o
__bad_interrupt                                   /usr/lib/gcc-lib/avr/3.3/../../../../avr/lib/avr4/crtm8.o
__bss_end                                         /usr/lib/gcc-lib/avr/3.3/avr4/libgcc.a(_clear_bss.o)
__bss_start                                       /usr/lib/gcc-lib/avr/3.3/avr4/libgcc.a(_clear_bss.o)
__data_end                                        /usr/lib/gcc-lib/avr/3.3/avr4/libgcc.a(_copy_data.o)
__data_load_start                                 /usr/lib/gcc-lib/avr/3.3/avr4/libgcc.a(_copy_data.o)
__data_start                                      /usr/lib/gcc-lib/avr/3.3/avr4/libgcc.a(_copy_data.o)
__do_clear_bss                                    /usr/lib/gcc-lib/avr/3.3/avr4/libgcc.a(_clear_bss.o)
                                                  /usr/lib/gcc-lib/avr/3.3/../../../../avr/lib/avr4/libc.a(fputc.o)
                                                  /usr/lib/gcc-lib/avr/3.3/../../../../avr/lib/avr4/libc.a(vfprintf_std.o)
                                                  /usr/lib/gcc-lib/avr/3.3/../../../../avr/lib/avr4/libc.a(snprintf.o)
                                                  asuro_avr_irrc5.o
                                                  asuro_avr.o
                                                  ../../apps/test/main.o
__do_copy_data                                    /usr/lib/gcc-lib/avr/3.3/avr4/libgcc.a(_copy_data.o)
                                                  /usr/lib/gcc-lib/avr/3.3/../../../../avr/lib/avr4/libc.a(fputc.o)
                                                  /usr/lib/gcc-lib/avr/3.3/../../../../avr/lib/avr4/libc.a(vfprintf_std.o)
                                                  /usr/lib/gcc-lib/avr/3.3/../../../../avr/lib/avr4/libc.a(snprintf.o)
                                                  asuro_avr_irrc5.o
                                                  asuro_avr.o
                                                  ../../apps/test/main.o
__epilogue_restores__                             /usr/lib/gcc-lib/avr/3.3/avr4/libgcc.a(_epilogue.o)
                                                  /usr/lib/gcc-lib/avr/3.3/../../../../avr/lib/avr4/libc.a(vfprintf_std.o)
                                                  /usr/lib/gcc-lib/avr/3.3/../../../../avr/lib/avr4/libc.a(snprintf.o)
__heap_end                                        /usr/lib/gcc-lib/avr/3.3/../../../../avr/lib/avr4/crtm8.o
__init                                            /usr/lib/gcc-lib/avr/3.3/../../../../avr/lib/avr4/crtm8.o
__prologue_saves__                                /usr/lib/gcc-lib/avr/3.3/avr4/libgcc.a(_prologue.o)
                                                  /usr/lib/gcc-lib/avr/3.3/../../../../avr/lib/avr4/libc.a(vfprintf_std.o)
                                                  /usr/lib/gcc-lib/avr/3.3/../../../../avr/lib/avr4/libc.a(snprintf.o)
__stack                                           /usr/lib/gcc-lib/avr/3.3/../../../../avr/lib/avr4/crtm8.o
                                                  ../../apps/test/main.o
__udivmodqi4                                      /usr/lib/gcc-lib/avr/3.3/avr4/libgcc.a(_udivmodqi4.o)
                                                  asuro_avr.o
__udivmodsi4                                      /usr/lib/gcc-lib/avr/3.3/avr4/libgcc.a(_udivmodsi4.o)
                                                  /usr/lib/gcc-lib/avr/3.3/../../../../avr/lib/avr4/libc.a(vfprintf_std.o)
                                                  asuro_avr.o
__vector_1                                        /usr/lib/gcc-lib/avr/3.3/../../../../avr/lib/avr4/crtm8.o
__vector_10                                       /usr/lib/gcc-lib/avr/3.3/../../../../avr/lib/avr4/crtm8.o
__vector_11                                       /usr/lib/gcc-lib/avr/3.3/../../../../avr/lib/avr4/crtm8.o
__vector_12                                       /usr/lib/gcc-lib/avr/3.3/../../../../avr/lib/avr4/crtm8.o
__vector_13                                       /usr/lib/gcc-lib/avr/3.3/../../../../avr/lib/avr4/crtm8.o
__vector_14                                       /usr/lib/gcc-lib/avr/3.3/../../../../avr/lib/avr4/crtm8.o
__vector_15                                       /usr/lib/gcc-lib/avr/3.3/../../../../avr/lib/avr4/crtm8.o
__vector_16                                       /usr/lib/gcc-lib/avr/3.3/../../../../avr/lib/avr4/crtm8.o
__vector_17                                       /usr/lib/gcc-lib/avr/3.3/../../../../avr/lib/avr4/crtm8.o
__vector_18                                       /usr/lib/gcc-lib/avr/3.3/../../../../avr/lib/avr4/crtm8.o
__vector_2                                        asuro_avr.o
                                                  /usr/lib/gcc-lib/avr/3.3/../../../../avr/lib/avr4/crtm8.o
__vector_3                                        /usr/lib/gcc-lib/avr/3.3/../../../../avr/lib/avr4/crtm8.o
__vector_4                                        asuro_avr.o
                                                  /usr/lib/gcc-lib/avr/3.3/../../../../avr/lib/avr4/crtm8.o
__vector_5                                        /usr/lib/gcc-lib/avr/3.3/../../../../avr/lib/avr4/crtm8.o
__vector_6                                        /usr/lib/gcc-lib/avr/3.3/../../../../avr/lib/avr4/crtm8.o
__vector_7                                        /usr/lib/gcc-lib/avr/3.3/../../../../avr/lib/avr4/crtm8.o
__vector_8                                        /usr/lib/gcc-lib/avr/3.3/../../../../avr/lib/avr4/crtm8.o
__vector_9                                        /usr/lib/gcc-lib/avr/3.3/../../../../avr/lib/avr4/crtm8.o
__vector_default                                  /usr/lib/gcc-lib/avr/3.3/../../../../avr/lib/avr4/crtm8.o
__vectors                                         /usr/lib/gcc-lib/avr/3.3/../../../../avr/lib/avr4/crtm8.o
fputc                                             /usr/lib/gcc-lib/avr/3.3/../../../../avr/lib/avr4/libc.a(fputc.o)
                                                  /usr/lib/gcc-lib/avr/3.3/../../../../avr/lib/avr4/libc.a(vfprintf_std.o)
isrInterrupt1                                     ../../apps/test/main.o
main                                              ../../apps/test/main.o
                                                  /usr/lib/gcc-lib/avr/3.3/../../../../avr/lib/avr4/crtm8.o
snprintf                                          /usr/lib/gcc-lib/avr/3.3/../../../../avr/lib/avr4/libc.a(snprintf.o)
                                                  ../../apps/test/main.o
vfprintf                                          /usr/lib/gcc-lib/avr/3.3/../../../../avr/lib/avr4/libc.a(vfprintf_std.o)
                                                  /usr/lib/gcc-lib/avr/3.3/../../../../avr/lib/avr4/libc.a(snprintf.o)
